// Jest Snapshot v1, https://goo.gl/fbAQLP

exports[`Test Snapshoot QRCode Snapshoot 1`] = `
<View>
  <View
    allowCaptureRetake={false}
    cameraType="back"
    frameColor="white"
    laserColor="red"
    onReadCode={[Function]}
    saveToCameraRoll={true}
    scanBarcode={true}
    showFrame={true}
    style={
      Object {
        "backgroundColor": "black",
        "flex": 1,
      }
    }
  >
    <RCTSafeAreaView
      emulateUnlessSupported={true}
      style={
        Object {
          "flex": 1,
          "flexDirection": "row",
          "justifyContent": "space-between",
          "paddingBottom": 0,
          "paddingTop": 8,
        }
      }
    >
      <View
        accessible={true}
        collapsable={false}
        focusable={true}
        onClick={[Function]}
        onResponderGrant={[Function]}
        onResponderMove={[Function]}
        onResponderRelease={[Function]}
        onResponderTerminate={[Function]}
        onResponderTerminationRequest={[Function]}
        onStartShouldSetResponder={[Function]}
        style={
          Object {
            "opacity": 1,
            "paddingHorizontal": 15,
          }
        }
      >
        <Image
          resizeMode="contain"
          style={
            Array [
              Object {
                "flex": 1,
                "justifyContent": "center",
              },
              undefined,
            ]
          }
        />
      </View>
      <View
        accessible={true}
        collapsable={false}
        focusable={true}
        onClick={[Function]}
        onResponderGrant={[Function]}
        onResponderMove={[Function]}
        onResponderRelease={[Function]}
        onResponderTerminate={[Function]}
        onResponderTerminationRequest={[Function]}
        onStartShouldSetResponder={[Function]}
        style={
          Object {
            "opacity": 1,
            "paddingHorizontal": 15,
          }
        }
      >
        <Image
          resizeMode="contain"
          style={
            Array [
              Object {
                "flex": 1,
                "justifyContent": "center",
              },
              undefined,
            ]
          }
        />
      </View>
    </RCTSafeAreaView>
    <View
      style={
        Object {
          "flex": 10,
          "flexDirection": "column",
        }
      }
    >
      <CKCamera
        cameraOptions={
          Object {
            "ratioOverlayColor": undefined,
          }
        }
        cameraType="back"
        flashMode="auto"
        frameColor="white"
        laserColor="red"
        onReadCode={[Function]}
        resetFocusTimeout={0}
        resetFocusWhenMotionDetected={true}
        saveToCameraRoll={true}
        scanBarcode={true}
        showFrame={true}
        style={
          Object {
            "flex": 1,
            "justifyContent": "flex-end",
          }
        }
        torchMode="off"
      />
    </View>
    <RCTSafeAreaView
      emulateUnlessSupported={true}
      style={
        Array [
          Object {
            "flex": 2,
            "flexDirection": "row",
            "justifyContent": "space-between",
            "padding": 14,
          },
          Object {
            "backgroundColor": "#ffffff00",
          },
        ]
      }
    >
      <View
        accessible={true}
        collapsable={false}
        focusable={true}
        onClick={[Function]}
        onResponderGrant={[Function]}
        onResponderMove={[Function]}
        onResponderRelease={[Function]}
        onResponderTerminate={[Function]}
        onResponderTerminationRequest={[Function]}
        onStartShouldSetResponder={[Function]}
        style={
          Object {
            "alignItems": "center",
            "flex": 1,
            "flexDirection": "row",
            "justifyContent": "flex-start",
            "opacity": 1,
            "padding": 10,
          }
        }
      >
        <Text
          style={
            Object {
              "color": "white",
              "fontSize": 20,
            }
          }
        />
      </View>
    </RCTSafeAreaView>
  </View>
</View>
`;
