// Jest Snapshot v1, https://goo.gl/fbAQLP

exports[`Test Snapshoot Maps Snapshoot 1`] = `
<View>
  <Text>
    Maps
  </Text>
</View>
`;
