// Jest Snapshot v1, https://goo.gl/fbAQLP

exports[`Test Snapshoot Home Snapshoot 1`] = `
<View>
  <Text>
    Home
  </Text>
</View>
`;
