// Jest Snapshot v1, https://goo.gl/fbAQLP

exports[`Test Snapshoot Register Snapshoot 1`] = `
<View>
  <Text>
    Register
  </Text>
</View>
`;
