// Jest Snapshot v1, https://goo.gl/fbAQLP

exports[`Test Snapshoot Login Snapshoot 1`] = `
<View>
  <Text>
    Login
  </Text>
</View>
`;
